// Jest Snapshot v1, https://goo.gl/fbAQLP

exports[`features : Blog renders correctly 1`] = `
<div>
  <h1>
    Coming soon
  </h1>
</div>
`;
