// Jest Snapshot v1, https://goo.gl/fbAQLP

exports[`features : FourOhFour renders correctly 1`] = `
<div>
  <h1>
    FOUR, OH FOUR!
  </h1>
  <p>
    <a
      href="/"
    >
      Home
    </a>
     is where you want to be.
  </p>
  <div
    class="content"
  >
    <img
      alt="David Byrne"
      class="image"
      src="test-file-stub"
    />
    <span
      class="quote"
    >
      <p>
        And you may ask yourself
      </p>
      <p>
        How do I work this?
      </p>
      <p>
        And you may ask yourself
      </p>
      <p>
        Where is that large automobile?
      </p>
      <p>
        And you may tell yourself
      </p>
      <p>
        This is not my beautiful house!
      </p>
      <p>
        And you may tell yourself
      </p>
      <p>
        This is not my beautiful wife!
      </p>
      <p
        class="author"
      >
        â€” David Byrne, 1980
      </p>
    </span>
  </div>
</div>
`;
