// Jest Snapshot v1, https://goo.gl/fbAQLP

exports[`shared : Footer renders correctly 1`] = `
<div>
  <footer
    class="footer"
  >
    <span>
      Â© Ollie Crook 
      2020
    </span>
  </footer>
</div>
`;
